Running "module reset". Resetting modules to system default. The following $MODULEPATH directories have been removed: None
Charm++> No provisioning arguments specified. Running with a single PE.
         Use +auto-provision to fully subscribe resources or +p1 to silence this message.
Charm++: standalone mode (not using charmrun)
Charm++> Running in Multicore mode: 1 threads (PEs)
Charm++> Using recursive bisection (scheme 3) for topology aware partitions
Converse/Charm++ Commit ID: 
CharmLB> Load balancer assumes all CPUs are same.
Charm++> Running on 1 hosts
Charm++> cpu topology info is gathered in 0.004 seconds.
CharmLB> Load balancing instrumentation for communication is off.
Info: NAMD 3.0.2 for Linux-x86_64-multicore
Info: 
Info: Please visit http://www.ks.uiuc.edu/Research/namd/
Info: for updates, documentation, and support information.
Info: 
Info: Please cite Phillips et al., J. Chem. Phys. 153:044130 (2020) doi:10.1063/5.0014475
Info: in all publications reporting results obtained with NAMD.
Info: 
Info: Based on Charm++/Converse 80000 for multicore-linux-x86_64-gcc
Info: Built Wed Aug 27 16:19:18 CDT 2025 by dhardy on athine.ks.uiuc.edu
Info: 1 NAMD  3.0.2  Linux-x86_64-multicore  1    a1130u05n01.mghpcc.ycrc.yale.edu  an492
Info: Running on 1 processors, 1 nodes, 1 physical nodes.
Info: CPU topology information available.
Info: Charm++/Converse parallel runtime startup completed at 0.367104 s
CkLoopLib is used in SMP with simple dynamic scheduling (converse-level notification)
Info: 32.9062 MB of memory in use based on /proc/self/stat
Info: Configuration file is ../Data/stmv/stmv.namd
Info: Changed directory to ../Data/stmv
TCL: Suspending until startup complete.
Warning: Option "1-4scaling" has been deprecated. Instead use "oneFourScaling".
Warning: The Langevin gamma parameters differ over the particles,
Warning: requiring extra work per step to constrain rigid bonds.
Info: SIMULATION PARAMETERS:
Info: TIMESTEP               1
Info: NUMBER OF STEPS        400
Info: STEPS PER CYCLE        20
Info: PERIODIC CELL BASIS 1  216.832 0 0
Info: PERIODIC CELL BASIS 2  0 216.832 0
Info: PERIODIC CELL BASIS 3  0 0 216.832
Info: PERIODIC CELL CENTER   0 0 0
Info: LOAD BALANCER  Centralized
Info: LOAD BALANCING STRATEGY  New Load Balancers -- DEFAULT
Info: LDB PERIOD             4000 steps
Info: FIRST LDB TIMESTEP     100
Info: LAST LDB TIMESTEP     -1
Info: LDB BACKGROUND SCALING 1
Info: HOM BACKGROUND SCALING 1
Info: PME BACKGROUND SCALING 1
Info: MIN ATOMS PER PATCH    40
Info: EMPTY PATCH LOAD       40 ATOMS
Info: INITIAL TEMPERATURE    298
Info: CENTER OF MASS MOVING INITIALLY? NO
Info: DIELECTRIC             1
Info: EXCLUDE                SCALED ONE-FOUR
Info: 1-4 ELECTROSTATICS SCALED BY 1
Info: MODIFIED 1-4 VDW PARAMETERS WILL BE USED
Info: NO DCD TRAJECTORY OUTPUT
Info: NO EXTENDED SYSTEM TRAJECTORY OUTPUT
Info: NO VELOCITY DCD OUTPUT
Info: NO FORCE DCD OUTPUT
Info: OUTPUT FILENAME        /usr/tmp/stmv-output
Info: BINARY OUTPUT FILES WILL BE USED
Info: NO RESTART FILE
Info: SWITCHING ACTIVE
Info: SWITCHING ON           10
Info: SWITCHING OFF          12
Info: PAIRLIST DISTANCE      13.5
Info: PAIRLIST SHRINK RATE   0.01
Info: PAIRLIST GROW RATE     0.01
Info: PAIRLIST TRIGGER       0.3
Info: PAIRLISTS PER CYCLE    2
Info: PAIRLISTS ENABLED
Info: MARGIN                 0.48
Info: HYDROGEN GROUP CUTOFF  2.5
Info: PATCH DIMENSION        16.48
Info: ENERGY OUTPUT STEPS    20
Info: ENERGY EVALUATION STEPS    20
Info: OUTPUT ENERGY PRECISION 4
Info: CROSSTERM ENERGY INCLUDED IN DIHEDRAL
Info: TIMING OUTPUT STEPS    20
Info: LANGEVIN DYNAMICS ACTIVE
Info: LANGEVIN TEMPERATURE   298
Info: LANGEVIN USING BBK INTEGRATOR
Info: LANGEVIN DAMPING COEFFICIENT IS 5 INVERSE PS
Info: LANGEVIN DYNAMICS NOT APPLIED TO HYDROGENS
Info: LANGEVIN PISTON PRESSURE CONTROL ACTIVE
Info:        TARGET PRESSURE IS 1.01325 BAR
Info:     OSCILLATION PERIOD IS 100 FS
Info:             DECAY TIME IS 50 FS
Info:     PISTON TEMPERATURE IS 298 K
Info:       PRESSURE CONTROL IS GROUP-BASED
Info:    INITIAL STRAIN RATE IS 0 0 0
Info:       CELL FLUCTUATION IS ISOTROPIC
Info: PARTICLE MESH EWALD (PME) ACTIVE
Info: PME TOLERANCE               1e-06
Info: PME EWALD COEFFICIENT       0.257952
Info: PME INTERPOLATION ORDER     4
Info: PME GRID DIMENSIONS         216 216 216
Info: PME MAXIMUM GRID SPACING    1.5
Info: Attempting to read FFTW data from FFTW_NAMD_3.0.2_Linux-x86_64-multicore.txt
Info: Optimizing 6 FFT steps.  1... 2... 3... 4... 5... 6...   Done.
Info: Writing FFTW data to FFTW_NAMD_3.0.2_Linux-x86_64-multicore.txt
Info: FULL ELECTROSTATIC EVALUATION FREQUENCY      4
Info: USING VERLET I (r-RESPA) MTS SCHEME.
Info: C1 SPLITTING OF LONG RANGE ELECTROSTATICS
Info: PLACING ATOMS IN PATCHES BY HYDROGEN GROUPS
Info: RANDOM NUMBER SEED     1790703565
Info: USE HYDROGEN BONDS?    NO
Info: COORDINATE PDB         stmv.pdb
Info: STRUCTURE FILE         stmv.psf
Info: PARAMETER file: CHARMM format! 
Info: PARAMETERS             par_all27_prot_na.inp
Info: USING ARITHMETIC MEAN TO COMBINE L-J SIGMA PARAMETERS
Info: MIXED PRECISION AVX-512 TILES OPTIMIZATIONS: ENABLED
Info: SUMMARY OF PARAMETERS:
Info: 250 BONDS
Info: 622 ANGLES
Info: 1049 DIHEDRAL
Info: 73 IMPROPER
Info: 0 CROSSTERM
Info: 130 VDW
Info: 0 VDW_PAIRS
Info: 0 NBTHOLE_PAIRS
Info: TIME FOR READING PSF FILE: 3.84577
Info: Reading pdb file stmv.pdb
Info: TIME FOR READING PDB FILE: 0.873571
Info: 
Info: ****************************
Info: STRUCTURE SUMMARY:
Info: 1066628 ATOMS
Info: 769956 BONDS
Info: 605872 ANGLES
Info: 450875 DIHEDRALS
Info: 24578 IMPROPERS
Info: 0 CROSSTERMS
Info: 0 EXCLUSIONS
Info: 3199884 DEGREES OF FREEDOM
Info: 389067 HYDROGEN GROUPS
Info: 4 ATOMS IN LARGEST HYDROGEN GROUP
Info: 389067 MIGRATION GROUPS
Info: 4 ATOMS IN LARGEST MIGRATION GROUP
Info: TOTAL MASS = 6.69877e+06 amu
Info: TOTAL CHARGE = 0.000168104 e
Info: MASS DENSITY = 1.09115 g/cm^3
Info: ATOM DENSITY = 0.104627 atoms/A^3
Info: *****************************
Info: 
Info: Entering startup at 5.47245 s, 115.443 MB of memory in use
Info: Startup phase 0 took 0.000275458 s, 115.443 MB of memory in use
Info: ADDED 1810196 IMPLICIT EXCLUSIONS
Info: Startup phase 1 took 0.237033 s, 115.443 MB of memory in use
Info: NONBONDED TABLE R-SQUARED SPACING: 0.0625
Info: NONBONDED TABLE SIZE: 769 POINTS
Info: INCONSISTENCY IN FAST TABLE ENERGY VS FORCE: 0.000325096 AT 11.9556
Info: INCONSISTENCY IN SCOR TABLE ENERGY VS FORCE: 0.000324844 AT 11.9556
Info: INCONSISTENCY IN VDWA TABLE ENERGY VS FORCE: 0.0040507 AT 0.251946
Info: INCONSISTENCY IN VDWB TABLE ENERGY VS FORCE: 0.00150189 AT 0.251946
Info: Startup phase 2 took 0.0073747 s, 115.443 MB of memory in use
Info: Startup phase 3 took 1.4013e-05 s, 115.443 MB of memory in use
Info: Startup phase 4 took 0.000726952 s, 115.443 MB of memory in use
Info: Startup phase 5 took 1.8889e-05 s, 115.443 MB of memory in use
Info: PATCH GRID IS 13 (PERIODIC) BY 13 (PERIODIC) BY 13 (PERIODIC)
Info: PATCH GRID IS 1-AWAY BY 1-AWAY BY 1-AWAY
Info: REMOVING COM VELOCITY -0.00218737 -0.00322777 0.00109502
Info: LARGEST PATCH (1044) HAS 541 ATOMS
Info: TORUS A SIZE 1 USING 0
Info: TORUS B SIZE 1 USING 0
Info: TORUS C SIZE 1 USING 0
Info: TORUS MINIMAL MESH SIZE IS 1 BY 1 BY 1
Info: Placed 100% of base nodes on same physical node as patch
Info: Startup phase 6 took 0.195674 s, 115.443 MB of memory in use
Info: PME using 1 and 1 processors for FFT and reciprocal sum.
Info: PME GRID LOCATIONS: 0
Info: PME TRANS LOCATIONS: 0
Info: PME USING 1 GRID NODES AND 1 TRANS NODES
Info: Optimizing 4 FFT steps.  1... 2... 3... 4...   Done.
Info: Startup phase 7 took 0.00712591 s, 115.443 MB of memory in use
Info: Startup phase 8 took 2.441e-05 s, 115.443 MB of memory in use
Info: Startup phase 9 took 2.9152e-05 s, 115.443 MB of memory in use
Info: Startup phase 10 took 8.012e-06 s, 115.443 MB of memory in use
Info: Startup phase 11 took 1.332e-05 s, 115.443 MB of memory in use
LDB: Central LB being created...
Info: Startup phase 12 took 0.00047718 s, 115.443 MB of memory in use
Info: CREATING 43945 COMPUTE OBJECTS
Info: Startup phase 13 took 0.100626 s, 115.443 MB of memory in use
Info: Startup phase 14 took 3.9137e-05 s, 115.443 MB of memory in use
Info: Startup phase 15 took 0.00364727 s, 115.443 MB of memory in use
Info: Finished startup at 6.02556 s, 115.443 MB of memory in use

ETITLE:      TS           BOND          ANGLE          DIHED          IMPRP               ELECT            VDW       BOUNDARY           MISC        KINETIC               TOTAL           TEMP      POTENTIAL         TOTAL3        TEMPAVG            PRESSURE      GPRESSURE         VOLUME       PRESSAVG      GPRESSAVG

ENERGY:       0    354072.1600    280839.0161     81957.9556      4995.4407       -4503168.9914    384267.9053         0.0000         0.0000    946610.3512       -2450426.1626       297.7333  -3397036.5138  -2441786.9380       297.7333           1822.3716       186.4799  10194598.5131      1822.3716       186.4799

LDB: ============= START OF LOAD BALANCING ============== 37.4696
LDB: ============== END OF LOAD BALANCING =============== 37.4697
LDB: =============== DONE WITH MIGRATION ================ 37.4705
TIMING: 20  CPU: 35.029, 1.54079/step  Wall: 35.1415, 1.54489/step, 0.163072 hours remaining, 115.443204 MB of memory in use.
PERFORMANCE: 20  averaging 0.0559262 ns/day, 1.54489 sec/step with standard deviation 0
ENERGY:      20    354488.2214    280790.4834     82014.2551      4983.8315       -4506143.7512    384920.4040         0.0000         0.0000    948191.3094       -2450755.2463       298.2305  -3398946.5557  -2442122.9941       297.8654           1776.2722       187.0090  10191611.8648       -15.8302       -17.7341

TIMING: 40  CPU: 65.9512, 1.54611/step  Wall: 66.1375, 1.5498/step, 0.15498 hours remaining, 115.443204 MB of memory in use.
PERFORMANCE: 40  averaging 0.0558375 ns/day, 1.54735 sec/step with standard deviation 0.00347055
ENERGY:      40    355475.8380    280928.7846     82030.3516      5047.1272       -4504953.5863    383213.2045         0.0000         0.0000    948154.5580       -2450103.7223       298.2190  -3398258.2804  -2441483.1114       298.1917           1620.3601        79.3634  10193106.0529        11.6960        10.7375

TIMING: 60  CPU: 96.8319, 1.54404/step  Wall: 97.0914, 1.5477/step, 0.146171 hours remaining, 115.443204 MB of memory in use.
PERFORMANCE: 60  averaging 0.0558333 ns/day, 1.54746 sec/step with standard deviation 0.00246224
ENERGY:      60    355309.1262    280684.9358     82047.1032      5026.3815       -4503060.3939    382072.0396         0.0000         0.0000    947221.8794       -2450698.9283       297.9256  -3397920.8077  -2442084.0970       298.2002           1551.3394        27.3973  10196849.2837        10.3715        11.2752

TIMING: 80  CPU: 127.711, 1.54396/step  Wall: 128.046, 1.54772/step, 0.137575 hours remaining, 115.443204 MB of memory in use.
PERFORMANCE: 80  averaging 0.055831 ns/day, 1.54753 sec/step with standard deviation 0.00201445
ENERGY:      80    355217.7808    280362.4343     82006.0272      4991.5556       -4504520.1875    382832.5614         0.0000         0.0000    947787.4210       -2451322.4070       298.1035  -3399109.8281  -2442603.6356       298.1561           1586.3193        59.5459  10196618.7528         1.8426         4.7485

LDB: ============= START OF LOAD BALANCING ============== 161.361
LDB: ============== END OF LOAD BALANCING =============== 161.361
LDB: =============== DONE WITH MIGRATION ================ 161.363
Info: Initial time: 1 CPUs 1.54722 s/step 17.9077 days/ns 115.443 MB memory
TIMING: 100  CPU: 158.565, 1.5427/step  Wall: 158.97, 1.54619/step, 0.128849 hours remaining, 115.443204 MB of memory in use.
PERFORMANCE: 100  averaging 0.0558406 ns/day, 1.54726 sec/step with standard deviation 0.00184369
ENERGY:     100    355381.2915    280299.9177     81954.9804      5050.2206       -4505809.0377    383883.8964         0.0000         0.0000    947929.1791       -2451309.5520       298.1481  -3399238.7311  -2442628.3590       298.1036           1628.0917       106.7042  10195821.2200       -11.5836       -12.3137

LDB: ============= START OF LOAD BALANCING ============== 192.09
LDB: ============== END OF LOAD BALANCING =============== 192.09
LDB: =============== DONE WITH MIGRATION ================ 192.091
TIMING: 120  CPU: 189.232, 1.53333/step  Wall: 189.703, 1.53665/step, 0.119517 hours remaining, 115.443204 MB of memory in use.
PERFORMANCE: 120  averaging 0.0559045 ns/day, 1.54549 sec/step with standard deviation 0.00463571
ENERGY:     120    355269.7471    279959.8226     81924.2737      5049.2591       -4507924.6417    385772.0914         0.0000         0.0000    948182.7516       -2451766.6963       298.2279  -3399949.4478  -2443004.7014       298.0947           1649.0588       141.3798  10192767.7942       -12.0023       -14.5951

TIMING: 140  CPU: 220.065, 1.54165/step  Wall: 220.603, 1.54501/step, 0.111584 hours remaining, 115.443204 MB of memory in use.
PERFORMANCE: 140  averaging 0.055907 ns/day, 1.54542 sec/step with standard deviation 0.00423575
ENERGY:     140    355665.4950    279698.6291     81884.1016      5068.6218       -4506844.8779    384384.8864         0.0000         0.0000    948121.6184       -2452021.5256       298.2086  -3400143.1440  -2443315.6768       298.1723           1565.2120        63.9241  10195646.5327        -4.6242        -6.7217

TIMING: 160  CPU: 250.875, 1.54053/step  Wall: 251.48, 1.54385/step, 0.102923 hours remaining, 115.443204 MB of memory in use.
PERFORMANCE: 160  averaging 0.0559142 ns/day, 1.54523 sec/step with standard deviation 0.00396092
ENERGY:     160    355588.6751    279910.7946     82015.8823      5044.6752       -4506606.2117    383938.9340         0.0000         0.0000    948078.0417       -2452029.2089       298.1949  -3400107.2506  -2443290.9949       298.0593           1547.6714        33.8604  10197805.1938        16.0663        13.0925

TIMING: 180  CPU: 281.687, 1.54059/step  Wall: 282.358, 1.5439/step, 0.0943493 hours remaining, 115.443204 MB of memory in use.
PERFORMANCE: 180  averaging 0.0559195 ns/day, 1.54508 sec/step with standard deviation 0.00373146
ENERGY:     180    355484.8747    280260.2459     81841.1910      5056.5613       -4509067.4579    386076.1791         0.0000         0.0000    948180.6023       -2452167.8036       298.2272  -3400348.4059  -2443441.4855       298.1084           1631.0427       114.3758  10193943.3244        12.5442        12.9482

LDB: ============= START OF LOAD BALANCING ============== 315.639
LDB: ============== END OF LOAD BALANCING =============== 315.639
LDB: =============== DONE WITH MIGRATION ================ 315.641
Info: Initial time: 1 CPUs 1.5427 s/step 17.8553 days/ns 115.443 MB memory
TIMING: 200  CPU: 312.505, 1.54092/step  Wall: 313.243, 1.54427/step, 0.0857928 hours remaining, 115.443204 MB of memory in use.
PERFORMANCE: 200  averaging 0.0559224 ns/day, 1.545 sec/step with standard deviation 0.00352732
ETITLE:      TS           BOND          ANGLE          DIHED          IMPRP               ELECT            VDW       BOUNDARY           MISC        KINETIC               TOTAL           TEMP      POTENTIAL         TOTAL3        TEMPAVG            PRESSURE      GPRESSURE         VOLUME       PRESSAVG      GPRESSAVG

ENERGY:     200    355808.8796    280222.0684     81982.5800      5055.4276       -4506696.5154    384048.3816         0.0000         0.0000    947126.0328       -2452453.1454       297.8955  -3399579.1783  -2443749.8226       298.0106           1574.9753       100.2068  10197442.4214       -14.0977       -11.9660

TIMING: 220  CPU: 343.304, 1.53995/step  Wall: 344.113, 1.5435/step, 0.0771752 hours remaining, 115.443204 MB of memory in use.
PERFORMANCE: 220  averaging 0.0559273 ns/day, 1.54486 sec/step with standard deviation 0.0033765
ENERGY:     220    356398.8828    280168.4430     81973.2042      5023.1460       -4509736.3823    386025.1727         0.0000         0.0000    947504.5744       -2452642.9592       298.0145  -3400147.5335  -2443957.2298       298.0539           1533.6944       105.8007  10194881.7857         2.8358         4.1394

TIMING: 240  CPU: 374.067, 1.53815/step  Wall: 374.944, 1.54155/step, 0.0685134 hours remaining, 115.443204 MB of memory in use.
PERFORMANCE: 240  averaging 0.0559373 ns/day, 1.54459 sec/step with standard deviation 0.00335815
ENERGY:     240    356303.4287    279725.6902     82170.9976      5102.6743       -4506815.8378    383297.4176         0.0000         0.0000    947398.9272       -2452816.7022       297.9813  -3400215.6294  -2444120.9720       298.0305           1467.8281        34.5867  10198873.0581         5.7616         2.7112

TIMING: 260  CPU: 404.788, 1.53604/step  Wall: 405.733, 1.53943/step, 0.0598667 hours remaining, 115.443204 MB of memory in use.
PERFORMANCE: 260  averaging 0.0559517 ns/day, 1.54419 sec/step with standard deviation 0.00351879
ENERGY:     260    356431.1925    279859.0565     82043.5330      5020.1263       -4507940.0980    384831.0087         0.0000         0.0000    947054.3305       -2452700.8506       297.8729  -3399755.1810  -2444069.4356       297.8849           1548.2492       100.9767  10194973.3261         7.7645         4.7399

TIMING: 280  CPU: 435.553, 1.53827/step  Wall: 436.57, 1.54184/step, 0.0513946 hours remaining, 115.443204 MB of memory in use.
PERFORMANCE: 280  averaging 0.0559578 ns/day, 1.54402 sec/step with standard deviation 0.00343859
ENERGY:     280    356356.3407    280072.4996     82078.7957      5111.3522       -4507372.9401    382946.3070         0.0000         0.0000    948379.9868       -2452427.6579       298.2899  -3400807.6448  -2443717.7708       298.2005           1488.2680        61.4158  10197128.4452        -0.5846         1.1230

LDB: ============= START OF LOAD BALANCING ============== 469.866
LDB: ============== END OF LOAD BALANCING =============== 469.866
LDB: =============== DONE WITH MIGRATION ================ 469.868
Info: Initial time: 1 CPUs 1.54216 s/step 17.8491 days/ns 115.443 MB memory
TIMING: 300  CPU: 466.369, 1.54078/step  Wall: 467.461, 1.54459/step, 0.0429052 hours remaining, 115.443204 MB of memory in use.
PERFORMANCE: 300  averaging 0.0559564 ns/day, 1.54406 sec/step with standard deviation 0.00331671
ENERGY:     300    356426.8320    280673.5148     82156.3335      5004.7163       -4507741.8072    384248.3450         0.0000         0.0000    947119.9138       -2452112.1519       297.8936  -3399232.0656  -2443450.5870       298.0769           1483.0818        91.1234  10195970.8957       -27.6084       -25.8026

TIMING: 320  CPU: 497.087, 1.53589/step  Wall: 498.25, 1.53946/step, 0.0342102 hours remaining, 115.443204 MB of memory in use.
PERFORMANCE: 320  averaging 0.0559668 ns/day, 1.54377 sec/step with standard deviation 0.00340452
ENERGY:     320    357006.6147    280893.7098     81970.6012      5055.8778       -4509165.3072    384554.9695         0.0000         0.0000    947457.9310       -2452225.6033       297.9999  -3399683.5343  -2443423.3111       297.9169           1455.4878        90.4147  10195332.4252       -16.9925       -15.8766

TIMING: 340  CPU: 527.842, 1.53776/step  Wall: 529.081, 1.54153/step, 0.0256922 hours remaining, 115.443204 MB of memory in use.
PERFORMANCE: 340  averaging 0.0559716 ns/day, 1.54364 sec/step with standard deviation 0.00334087
ENERGY:     340    356816.1510    280751.8403     82000.5384      5011.6667       -4507605.5546    383614.8521         0.0000         0.0000    946915.4652       -2452495.0409       297.8293  -3399410.5061  -2443865.6339       297.9903           1393.2531        36.3894  10197236.6156        12.5115         9.3024

TIMING: 360  CPU: 558.599, 1.53786/step  Wall: 559.913, 1.5416/step, 0.0171289 hours remaining, 115.443204 MB of memory in use.
PERFORMANCE: 360  averaging 0.0559757 ns/day, 1.54353 sec/step with standard deviation 0.00327659
ENERGY:     360    357197.9931    280773.9031     82057.1609      5031.5691       -4509305.7202    384022.5695         0.0000         0.0000    948048.2648       -2452174.2598       298.1856  -3400222.5246  -2443464.0525       297.9908           1410.9327        50.6063  10196728.3632         3.2129         0.8811

TIMING: 380  CPU: 589.366, 1.53833/step  Wall: 590.752, 1.54195/step, 0.00856639 hours remaining, 115.443204 MB of memory in use.
PERFORMANCE: 380  averaging 0.0559787 ns/day, 1.54344 sec/step with standard deviation 0.00320475
ENERGY:     380    357545.8379    280658.8611     82099.5542      5194.1453       -4508753.4699    384362.3900         0.0000         0.0000    946598.5170       -2452294.1645       297.7296  -3398892.6815  -2443618.0567       297.9246           1429.3963        71.1106  10195057.0749       -17.8431       -16.4799

LDB: ============= START OF LOAD BALANCING ============== 624.055
LDB: ============== END OF LOAD BALANCING =============== 624.055
LDB: =============== DONE WITH MIGRATION ================ 624.057
Info: Benchmark time: 1 CPUs 1.53761 s/step 17.7964 days/ns 115.443 MB memory
TIMING: 400  CPU: 619.764, 1.51989/step  Wall: 621.224, 1.52362/step, 0 hours remaining, 115.443204 MB of memory in use.
PERFORMANCE: 400  averaging 0.0560147 ns/day, 1.54245 sec/step with standard deviation 0.00542096
ETITLE:      TS           BOND          ANGLE          DIHED          IMPRP               ELECT            VDW       BOUNDARY           MISC        KINETIC               TOTAL           TEMP      POTENTIAL         TOTAL3        TEMPAVG            PRESSURE      GPRESSURE         VOLUME       PRESSAVG      GPRESSAVG

ENERGY:     400    357820.9304    280670.8382     82064.3271      5106.8241       -4508234.8247    383206.1998         0.0000         0.0000    947024.4169       -2452341.2882       297.8635  -3399365.7051  -2443638.5461       297.9798           1343.2204         2.3250  10197448.9608         3.5526         4.8362

WRITING EXTENDED SYSTEM TO OUTPUT FILE AT STEP 400
WRITING COORDINATES TO OUTPUT FILE AT STEP 400
The last position output (seq=-2) takes 0.013 seconds, 115.443 MB of memory in use
WRITING VELOCITIES TO OUTPUT FILE AT STEP 400
The last velocity output (seq=-2) takes 0.014 seconds, 115.443 MB of memory in use
====================================================

WallClock: 627.371826  CPUTime: 624.985168  Memory: 115.443204 MB
[Partition 0][Node 0] End of program
